(base) csl4@csl4-HP-280-Pro-G5-MT-Business-PC:~/Desktop/7356/connectivity$  g++ demo.cpp -o demo -lmysqlcppconn
(base) csl4@csl4-HP-280-Pro-G5-MT-Business-PC:~/Desktop/7356/connectivity$ ./demo
SQL Error: Access denied for user 'root'@'localhost'
(base) csl4@csl4-HP-280-Pro-G5-MT-Business-PC:~/Desktop/7356/connectivity$ sudo su 
[sudo] password for csl4: 
root@csl4-HP-280-Pro-G5-MT-Business-PC:/home/csl4/Desktop/7356/connectivity# mysql
Welcome to the MySQL monitor.  Commands end with ; or \g.
Your MySQL connection id is 6
Server version: 5.7.42-0ubuntu0.18.04.1 (Ubuntu)

Copyright (c) 2000, 2023, Oracle and/or its affiliates.

Oracle is a registered trademark of Oracle Corporation and/or its
affiliates. Other names may be trademarks of their respective
owners.

Type 'help;' or '\h' for help. Type '\c' to clear the current input statement.

mysql> CREATE DATABASE CPP_demo;
Query OK, 1 row affected (0.00 sec)

mysql> USE CPP_demo;
Database changed
mysql> CREATE TABLE users(
    -> id INT AUTO_INCREMENT PRIMARY KEY,
    -> name VARCHAR(100),
    -> email VARCHAR(200));
Query OK, 0 rows affected (0.33 sec)

mysql>  tee rd;
Logging to file 'rd'
mysql> exit;
Bye
root@csl4-HP-280-Pro-G5-MT-Business-PC:/home/csl4/Desktop/7356/connectivity#  g++ demo.cpp -o demo -lmysqlcppconn
root@csl4-HP-280-Pro-G5-MT-Business-PC:/home/csl4/Desktop/7356/connectivity#  ./demo
SQL Error: Access denied for user 'root'@'localhost'
root@csl4-HP-280-Pro-G5-MT-Business-PC:/home/csl4/Desktop/7356/connectivity#  g++ demo.cpp -o demo -lmysqlcppconn
root@csl4-HP-280-Pro-G5-MT-Business-PC:/home/csl4/Desktop/7356/connectivity# ./demo
SQL Error: Access denied for user 'csl4'@'localhost' (using password: YES)
root@csl4-HP-280-Pro-G5-MT-Business-PC:/home/csl4/Desktop/7356/connectivity# g++ demo.cpp -o demo -lmysqlcppconn
root@csl4-HP-280-Pro-G5-MT-Business-PC:/home/csl4/Desktop/7356/connectivity# ./demo
SQL Error: Access denied for user 'csl4'@'localhost' (using password: YES)
root@csl4-HP-280-Pro-G5-MT-Business-PC:/home/csl4/Desktop/7356/connectivity# mysql -u root -p
Enter password: 
Welcome to the MySQL monitor.  Commands end with ; or \g.
Your MySQL connection id is 11
Server version: 5.7.42-0ubuntu0.18.04.1 (Ubuntu)

Copyright (c) 2000, 2023, Oracle and/or its affiliates.

Oracle is a registered trademark of Oracle Corporation and/or its
affiliates. Other names may be trademarks of their respective
owners.

Type 'help;' or '\h' for help. Type '\c' to clear the current input statement.

mysql> SELECT user, host FROM mysql.user WHERE user = 'csl4';
Empty set (0.01 sec)

mysql> CREATE USER IF NOT EXISTS 'csl4'@'localhost' IDENTIFIED BY 'YourStrongPassword';
Query OK, 0 rows affected (0.01 sec)

mysql> GRANT ALL PRIVILEGES ON cpp_demo.* TO 'csl4'@'localhost';
Query OK, 0 rows affected (0.00 sec)

mysql> FLUSH PRIVILEGES;
Query OK, 0 rows affected (0.00 sec)

mysql> mysql -u csl4 -p
    -> ;
ERROR 1064 (42000): You have an error in your SQL syntax; check the manual that corresponds to your MySQL server version for the right syntax to use near 'mysql -u csl4 -p' at line 1
mysql> mysql -u csl4 -p
    -> ;
ERROR 1064 (42000): You have an error in your SQL syntax; check the manual that corresponds to your MySQL server version for the right syntax to use near 'mysql -u csl4 -p' at line 1
mysql> exit;
Bye
root@csl4-HP-280-Pro-G5-MT-Business-PC:/home/csl4/Desktop/7356/connectivity# mysql -u csl4 -p
Enter password: 
ERROR 1045 (28000): Access denied for user 'csl4'@'localhost' (using password: YES)
root@csl4-HP-280-Pro-G5-MT-Business-PC:/home/csl4/Desktop/7356/connectivity# mysql -u csl4 -p
Enter password: 
ERROR 1045 (28000): Access denied for user 'csl4'@'localhost' (using password: YES)
root@csl4-HP-280-Pro-G5-MT-Business-PC:/home/csl4/Desktop/7356/connectivity# mysql -u csl4 -p
Enter password: 
ERROR 1045 (28000): Access denied for user 'csl4'@'localhost' (using password: YES)
root@csl4-HP-280-Pro-G5-MT-Business-PC:/home/csl4/Desktop/7356/connectivity# mysql -u csl4 -p
Enter password: 
ERROR 1045 (28000): Access denied for user 'csl4'@'localhost' (using password: YES)
root@csl4-HP-280-Pro-G5-MT-Business-PC:/home/csl4/Desktop/7356/connectivity# mysql -u csl4 -p
Enter password: 
ERROR 1045 (28000): Access denied for user 'csl4'@'localhost' (using password: YES)
root@csl4-HP-280-Pro-G5-MT-Business-PC:/home/csl4/Desktop/7356/connectivity# 





















---corrected
(base) csl4@csl4-HP-280-Pro-G5-MT-Business-PC:~$ sudo su
[sudo] password for csl4: 
root@csl4-HP-280-Pro-G5-MT-Business-PC:/home/csl4# mysql
Welcome to the MySQL monitor.  Commands end with ; or \g.
Your MySQL connection id is 5
Server version: 5.7.42-0ubuntu0.18.04.1 (Ubuntu)

Copyright (c) 2000, 2023, Oracle and/or its affiliates.

Oracle is a registered trademark of Oracle Corporation and/or its
affiliates. Other names may be trademarks of their respective
owners.

Type 'help;' or '\h' for help. Type '\c' to clear the current input statement.

mysql> CREATE USER 'subhi '@'localhost' IDENTIFIED BY 'CSL4123';
Query OK, 0 rows affected (0.01 sec)

mysql> GRANT ALL PRIVILEGES ON CPP_demo.*  TO 'subhi'@'localhost';
Query OK, 0 rows affected (0.00 sec)

mysql> FLUSH PRIVILEGES;
Query OK, 0 rows affected (0.00 sec)

mysql> use CPP_demo;
Reading table information for completion of table and column names
You can turn off this feature to get a quicker startup with -A

Database changed

mysql> SELECT * FROM users;
+----+---------+---------------------+
| id | name    | email               |
+----+---------+---------------------+
|  1 | Ashwani | ashwani26@gmail.com |
|  2 | Darshan | darshan01@gmail.com |
|  3 | aaditya | aaditya@gmail.com   |
|  4 | bobyy   | bobyy@gmail.com     |
|  6 | dravid  | dravid@gmail.com    |
+----+---------+---------------------+
5 rows in set (0.00 sec)

mysql> TEE rd;
Logging to file 'rd'
mysql> 


